Analysis & Synthesis report for counter_mod_16
Wed Jan 17 18:48:02 2018
Quartus II Version 9.0 Build 235 06/17/2009 Service Pack 2 SJ Web Edition


---------------------
; Table of Contents ;
---------------------
  1. Legal Notice
  2. Analysis & Synthesis Summary
  3. Analysis & Synthesis Settings
  4. Analysis & Synthesis Source Files Read
  5. Analysis & Synthesis Resource Usage Summary
  6. Analysis & Synthesis Resource Utilization by Entity
  7. General Register Statistics
  8. Source assignments for divider:dzielnik|lpm_counter:counter_rtl_0
  9. Source assignments for counter:licznik|lpm_counter:actual_value_rtl_1
 10. Parameter Settings for Inferred Entity Instance: divider:dzielnik|lpm_counter:counter_rtl_0
 11. Parameter Settings for Inferred Entity Instance: counter:licznik|lpm_counter:actual_value_rtl_1
 12. Analysis & Synthesis Messages



----------------
; Legal Notice ;
----------------
Copyright (C) 1991-2009 Altera Corporation
Your use of Altera Corporation's design tools, logic functions 
and other software and tools, and its AMPP partner logic 
functions, and any output files from any of the foregoing 
(including device programming or simulation files), and any 
associated documentation or information are expressly subject 
to the terms and conditions of the Altera Program License 
Subscription Agreement, Altera MegaCore Function License 
Agreement, or other applicable license agreement, including, 
without limitation, that your use is for the sole purpose of 
programming logic devices manufactured by Altera and sold by 
Altera or its authorized distributors.  Please refer to the 
applicable agreement for further details.



+----------------------------------------------------------------------------+
; Analysis & Synthesis Summary                                               ;
+-----------------------------+----------------------------------------------+
; Analysis & Synthesis Status ; Successful - Wed Jan 17 18:48:02 2018        ;
; Quartus II Version          ; 9.0 Build 235 06/17/2009 SP 2 SJ Web Edition ;
; Revision Name               ; counter_mod_16                               ;
; Top-level Entity Name       ; counter_mod_16                               ;
; Family                      ; FLEX10K                                      ;
; Total logic elements        ; 59                                           ;
; Total pins                  ; 16                                           ;
; Total memory bits           ; 0                                            ;
+-----------------------------+----------------------------------------------+


+-------------------------------------------------------------------------------------------------+
; Analysis & Synthesis Settings                                                                   ;
+--------------------------------------------------------------+-----------------+----------------+
; Option                                                       ; Setting         ; Default Value  ;
+--------------------------------------------------------------+-----------------+----------------+
; Device                                                       ; EPF10K70RC240-4 ;                ;
; Top-level entity name                                        ; counter_mod_16  ; counter_mod_16 ;
; Family name                                                  ; FLEX10K         ; Stratix II     ;
; Use Generated Physical Constraints File                      ; Off             ;                ;
; Use smart compilation                                        ; Off             ; Off            ;
; Create Debugging Nodes for IP Cores                          ; Off             ; Off            ;
; Preserve fewer node names                                    ; On              ; On             ;
; Disable OpenCore Plus hardware evaluation                    ; Off             ; Off            ;
; Verilog Version                                              ; Verilog_2001    ; Verilog_2001   ;
; VHDL Version                                                 ; VHDL93          ; VHDL93         ;
; State Machine Processing                                     ; Auto            ; Auto           ;
; Safe State Machine                                           ; Off             ; Off            ;
; Extract Verilog State Machines                               ; On              ; On             ;
; Extract VHDL State Machines                                  ; On              ; On             ;
; Ignore Verilog initial constructs                            ; Off             ; Off            ;
; Iteration limit for constant Verilog loops                   ; 5000            ; 5000           ;
; Iteration limit for non-constant Verilog loops               ; 250             ; 250            ;
; Add Pass-Through Logic to Inferred RAMs                      ; On              ; On             ;
; Parallel Synthesis                                           ; Off             ; Off            ;
; NOT Gate Push-Back                                           ; On              ; On             ;
; Power-Up Don't Care                                          ; On              ; On             ;
; Remove Redundant Logic Cells                                 ; Off             ; Off            ;
; Remove Duplicate Registers                                   ; On              ; On             ;
; Ignore CARRY Buffers                                         ; Off             ; Off            ;
; Ignore CASCADE Buffers                                       ; Off             ; Off            ;
; Ignore GLOBAL Buffers                                        ; Off             ; Off            ;
; Ignore ROW GLOBAL Buffers                                    ; Off             ; Off            ;
; Ignore LCELL Buffers                                         ; Off             ; Off            ;
; Ignore SOFT Buffers                                          ; On              ; On             ;
; Limit AHDL Integers to 32 Bits                               ; Off             ; Off            ;
; Auto Implement in ROM                                        ; Off             ; Off            ;
; Optimization Technique                                       ; Area            ; Area           ;
; Carry Chain Length                                           ; 32              ; 32             ;
; Cascade Chain Length                                         ; 2               ; 2              ;
; Auto Carry Chains                                            ; On              ; On             ;
; Auto Open-Drain Pins                                         ; On              ; On             ;
; Auto ROM Replacement                                         ; On              ; On             ;
; Auto RAM Replacement                                         ; On              ; On             ;
; Auto Clock Enable Replacement                                ; On              ; On             ;
; Strict RAM Replacement                                       ; Off             ; Off            ;
; Auto Resource Sharing                                        ; Off             ; Off            ;
; Allow Any RAM Size For Recognition                           ; Off             ; Off            ;
; Allow Any ROM Size For Recognition                           ; Off             ; Off            ;
; Use LogicLock Constraints during Resource Balancing          ; On              ; On             ;
; Ignore translate_off and synthesis_off directives            ; Off             ; Off            ;
; Show Parameter Settings Tables in Synthesis Report           ; On              ; On             ;
; HDL message level                                            ; Level2          ; Level2         ;
; Suppress Register Optimization Related Messages              ; Off             ; Off            ;
; Number of Removed Registers Reported in Synthesis Report     ; 100             ; 100            ;
; Number of Inverted Registers Reported in Synthesis Report    ; 100             ; 100            ;
; Block Design Naming                                          ; Auto            ; Auto           ;
; Synthesis Effort                                             ; Auto            ; Auto           ;
; Shift Register Replacement - Allow Asynchronous Clear Signal ; On              ; On             ;
; Analysis & Synthesis Message Level                           ; Medium          ; Medium         ;
+--------------------------------------------------------------+-----------------+----------------+


+------------------------------------------------------------------------------------------------------------------------------------------------+
; Analysis & Synthesis Source Files Read                                                                                                         ;
+----------------------------------+-----------------+-----------------+-------------------------------------------------------------------------+
; File Name with User-Entered Path ; Used in Netlist ; File Type       ; File Name with Absolute Path                                            ;
+----------------------------------+-----------------+-----------------+-------------------------------------------------------------------------+
; transcoder.vhd                   ; yes             ; User VHDL File  ; C:/Users/Radzio/Desktop/fpga/vhdl/transcoder.vhd                        ;
; divider.vhd                      ; yes             ; User VHDL File  ; C:/Users/Radzio/Desktop/fpga/vhdl/divider.vhd                           ;
; counter.vhd                      ; yes             ; User VHDL File  ; C:/Users/Radzio/Desktop/fpga/vhdl/counter.vhd                           ;
; counter_mod_16.vhd               ; yes             ; User VHDL File  ; C:/Users/Radzio/Desktop/fpga/vhdl/counter_mod_16.vhd                    ;
; lpm_counter.tdf                  ; yes             ; Megafunction    ; c:/altera/90sp2/quartus/libraries/megafunctions/lpm_counter.tdf         ;
; lpm_constant.inc                 ; yes             ; Megafunction    ; c:/altera/90sp2/quartus/libraries/megafunctions/lpm_constant.inc        ;
; lpm_decode.inc                   ; yes             ; Megafunction    ; c:/altera/90sp2/quartus/libraries/megafunctions/lpm_decode.inc          ;
; lpm_add_sub.inc                  ; yes             ; Megafunction    ; c:/altera/90sp2/quartus/libraries/megafunctions/lpm_add_sub.inc         ;
; cmpconst.inc                     ; yes             ; Megafunction    ; c:/altera/90sp2/quartus/libraries/megafunctions/cmpconst.inc            ;
; lpm_compare.inc                  ; yes             ; Megafunction    ; c:/altera/90sp2/quartus/libraries/megafunctions/lpm_compare.inc         ;
; lpm_counter.inc                  ; yes             ; Megafunction    ; c:/altera/90sp2/quartus/libraries/megafunctions/lpm_counter.inc         ;
; dffeea.inc                       ; yes             ; Megafunction    ; c:/altera/90sp2/quartus/libraries/megafunctions/dffeea.inc              ;
; alt_synch_counter.inc            ; yes             ; Megafunction    ; c:/altera/90sp2/quartus/libraries/megafunctions/alt_synch_counter.inc   ;
; alt_synch_counter_f.inc          ; yes             ; Megafunction    ; c:/altera/90sp2/quartus/libraries/megafunctions/alt_synch_counter_f.inc ;
; alt_counter_f10ke.inc            ; yes             ; Megafunction    ; c:/altera/90sp2/quartus/libraries/megafunctions/alt_counter_f10ke.inc   ;
; alt_counter_stratix.inc          ; yes             ; Megafunction    ; c:/altera/90sp2/quartus/libraries/megafunctions/alt_counter_stratix.inc ;
; aglobal90.inc                    ; yes             ; Megafunction    ; c:/altera/90sp2/quartus/libraries/megafunctions/aglobal90.inc           ;
; alt_counter_f10ke.tdf            ; yes             ; Megafunction    ; c:/altera/90sp2/quartus/libraries/megafunctions/alt_counter_f10ke.tdf   ;
; flex10ke_lcell.inc               ; yes             ; Megafunction    ; c:/altera/90sp2/quartus/libraries/megafunctions/flex10ke_lcell.inc      ;
+----------------------------------+-----------------+-----------------+-------------------------------------------------------------------------+


+------------------------------------------------------------------+
; Analysis & Synthesis Resource Usage Summary                      ;
+-----------------------------------+------------------------------+
; Resource                          ; Usage                        ;
+-----------------------------------+------------------------------+
; Total logic elements              ; 59                           ;
; Total combinational functions     ; 59                           ;
;     -- Total 4-input functions    ; 18                           ;
;     -- Total 3-input functions    ; 3                            ;
;     -- Total 2-input functions    ; 0                            ;
;     -- Total 1-input functions    ; 38                           ;
;     -- Total 0-input functions    ; 0                            ;
; Total registers                   ; 37                           ;
; Total logic cells in carry chains ; 36                           ;
; I/O pins                          ; 16                           ;
; Maximum fan-out node              ; divider:dzielnik|LessThan0~7 ;
; Maximum fan-out                   ; 33                           ;
; Total fan-out                     ; 205                          ;
; Average fan-out                   ; 2.73                         ;
+-----------------------------------+------------------------------+


+-------------------------------------------------------------------------------------------------------------------------------------------------------------------------------------------------------------------------------------------------------------------------------------------------+
; Analysis & Synthesis Resource Utilization by Entity                                                                                                                                                                                                                                             ;
+-------------------------------------------+-------------+--------------+-------------+------+--------------+-------------------+------------------+-----------------+------------+-----------------------------------------------------------------------------------------------+--------------+
; Compilation Hierarchy Node                ; Logic Cells ; LC Registers ; Memory Bits ; Pins ; LUT-Only LCs ; Register-Only LCs ; LUT/Register LCs ; Carry Chain LCs ; Packed LCs ; Full Hierarchy Name                                                                           ; Library Name ;
+-------------------------------------------+-------------+--------------+-------------+------+--------------+-------------------+------------------+-----------------+------------+-----------------------------------------------------------------------------------------------+--------------+
; |counter_mod_16                           ; 59 (0)      ; 37           ; 0           ; 16   ; 22 (0)       ; 0 (0)             ; 37 (0)           ; 36 (0)          ; 0 (0)      ; |counter_mod_16                                                                               ; work         ;
;    |counter:licznik|                      ; 4 (0)       ; 4            ; 0           ; 0    ; 0 (0)        ; 0 (0)             ; 4 (0)            ; 4 (0)           ; 0 (0)      ; |counter_mod_16|counter:licznik                                                               ; work         ;
;       |lpm_counter:actual_value_rtl_1|    ; 4 (0)       ; 4            ; 0           ; 0    ; 0 (0)        ; 0 (0)             ; 4 (0)            ; 4 (0)           ; 0 (0)      ; |counter_mod_16|counter:licznik|lpm_counter:actual_value_rtl_1                                ; work         ;
;          |alt_counter_f10ke:wysi_counter| ; 4 (4)       ; 4            ; 0           ; 0    ; 0 (0)        ; 0 (0)             ; 4 (4)            ; 4 (4)           ; 0 (0)      ; |counter_mod_16|counter:licznik|lpm_counter:actual_value_rtl_1|alt_counter_f10ke:wysi_counter ; work         ;
;    |divider:dzielnik|                     ; 47 (15)     ; 33           ; 0           ; 0    ; 14 (14)      ; 0 (0)             ; 33 (1)           ; 32 (0)          ; 0 (0)      ; |counter_mod_16|divider:dzielnik                                                              ; work         ;
;       |lpm_counter:counter_rtl_0|         ; 32 (0)      ; 32           ; 0           ; 0    ; 0 (0)        ; 0 (0)             ; 32 (0)           ; 32 (0)          ; 0 (0)      ; |counter_mod_16|divider:dzielnik|lpm_counter:counter_rtl_0                                    ; work         ;
;          |alt_counter_f10ke:wysi_counter| ; 32 (32)     ; 32           ; 0           ; 0    ; 0 (0)        ; 0 (0)             ; 32 (32)          ; 32 (32)         ; 0 (0)      ; |counter_mod_16|divider:dzielnik|lpm_counter:counter_rtl_0|alt_counter_f10ke:wysi_counter     ; work         ;
;    |transcoder:transkoder|                ; 8 (8)       ; 0            ; 0           ; 0    ; 8 (8)        ; 0 (0)             ; 0 (0)            ; 0 (0)           ; 0 (0)      ; |counter_mod_16|transcoder:transkoder                                                         ; work         ;
+-------------------------------------------+-------------+--------------+-------------+------+--------------+-------------------+------------------+-----------------+------------+-----------------------------------------------------------------------------------------------+--------------+
Note: For table entries with two numbers listed, the numbers in parentheses indicate the number of resources of the given type used by the specific entity alone. The numbers listed outside of parentheses indicate the total resources of the given type used by the specific entity and all of its sub-entities in the hierarchy.


+------------------------------------------------------+
; General Register Statistics                          ;
+----------------------------------------------+-------+
; Statistic                                    ; Value ;
+----------------------------------------------+-------+
; Total registers                              ; 37    ;
; Number of registers using Synchronous Clear  ; 32    ;
; Number of registers using Synchronous Load   ; 0     ;
; Number of registers using Asynchronous Clear ; 0     ;
; Number of registers using Asynchronous Load  ; 0     ;
; Number of registers using Clock Enable       ; 1     ;
; Number of registers using Preset             ; 0     ;
+----------------------------------------------+-------+


+-------------------------------------------------------------------+
; Source assignments for divider:dzielnik|lpm_counter:counter_rtl_0 ;
+---------------------------+-------+------+------------------------+
; Assignment                ; Value ; From ; To                     ;
+---------------------------+-------+------+------------------------+
; SUPPRESS_DA_RULE_INTERNAL ; a101  ; -    ; -                      ;
; SUPPRESS_DA_RULE_INTERNAL ; s102  ; -    ; -                      ;
; SUPPRESS_DA_RULE_INTERNAL ; s103  ; -    ; -                      ;
+---------------------------+-------+------+------------------------+


+-----------------------------------------------------------------------+
; Source assignments for counter:licznik|lpm_counter:actual_value_rtl_1 ;
+---------------------------+-------+------+----------------------------+
; Assignment                ; Value ; From ; To                         ;
+---------------------------+-------+------+----------------------------+
; SUPPRESS_DA_RULE_INTERNAL ; a101  ; -    ; -                          ;
; SUPPRESS_DA_RULE_INTERNAL ; s102  ; -    ; -                          ;
; SUPPRESS_DA_RULE_INTERNAL ; s103  ; -    ; -                          ;
+---------------------------+-------+------+----------------------------+


+---------------------------------------------------------------------------------------------+
; Parameter Settings for Inferred Entity Instance: divider:dzielnik|lpm_counter:counter_rtl_0 ;
+------------------------+-------------------+------------------------------------------------+
; Parameter Name         ; Value             ; Type                                           ;
+------------------------+-------------------+------------------------------------------------+
; AUTO_CARRY_CHAINS      ; ON                ; AUTO_CARRY                                     ;
; IGNORE_CARRY_BUFFERS   ; OFF               ; IGNORE_CARRY                                   ;
; AUTO_CASCADE_CHAINS    ; ON                ; AUTO_CASCADE                                   ;
; IGNORE_CASCADE_BUFFERS ; OFF               ; IGNORE_CASCADE                                 ;
; LPM_WIDTH              ; 32                ; Untyped                                        ;
; LPM_DIRECTION          ; UP                ; Untyped                                        ;
; LPM_MODULUS            ; 0                 ; Untyped                                        ;
; LPM_AVALUE             ; UNUSED            ; Untyped                                        ;
; LPM_SVALUE             ; UNUSED            ; Untyped                                        ;
; LPM_PORT_UPDOWN        ; PORT_CONNECTIVITY ; Untyped                                        ;
; DEVICE_FAMILY          ; FLEX10K           ; Untyped                                        ;
; CARRY_CHAIN            ; MANUAL            ; Untyped                                        ;
; CARRY_CHAIN_LENGTH     ; 48                ; CARRY_CHAIN_LENGTH                             ;
; NOT_GATE_PUSH_BACK     ; ON                ; NOT_GATE_PUSH_BACK                             ;
; CARRY_CNT_EN           ; SMART             ; Untyped                                        ;
; LABWIDE_SCLR           ; ON                ; Untyped                                        ;
; USE_NEW_VERSION        ; TRUE              ; Untyped                                        ;
; CBXI_PARAMETER         ; NOTHING           ; Untyped                                        ;
+------------------------+-------------------+------------------------------------------------+
Note: In order to hide this table in the UI and the text report file, please set the "Show Parameter Settings Tables in Synthesis Report" option in "Analysis and Synthesis Settings -> More Settings" to "Off".


+-------------------------------------------------------------------------------------------------+
; Parameter Settings for Inferred Entity Instance: counter:licznik|lpm_counter:actual_value_rtl_1 ;
+------------------------+-------------------+----------------------------------------------------+
; Parameter Name         ; Value             ; Type                                               ;
+------------------------+-------------------+----------------------------------------------------+
; AUTO_CARRY_CHAINS      ; ON                ; AUTO_CARRY                                         ;
; IGNORE_CARRY_BUFFERS   ; OFF               ; IGNORE_CARRY                                       ;
; AUTO_CASCADE_CHAINS    ; ON                ; AUTO_CASCADE                                       ;
; IGNORE_CASCADE_BUFFERS ; OFF               ; IGNORE_CASCADE                                     ;
; LPM_WIDTH              ; 4                 ; Untyped                                            ;
; LPM_DIRECTION          ; DEFAULT           ; Untyped                                            ;
; LPM_MODULUS            ; 0                 ; Untyped                                            ;
; LPM_AVALUE             ; UNUSED            ; Untyped                                            ;
; LPM_SVALUE             ; UNUSED            ; Untyped                                            ;
; LPM_PORT_UPDOWN        ; PORT_CONNECTIVITY ; Untyped                                            ;
; DEVICE_FAMILY          ; FLEX10K           ; Untyped                                            ;
; CARRY_CHAIN            ; MANUAL            ; Untyped                                            ;
; CARRY_CHAIN_LENGTH     ; 48                ; CARRY_CHAIN_LENGTH                                 ;
; NOT_GATE_PUSH_BACK     ; ON                ; NOT_GATE_PUSH_BACK                                 ;
; CARRY_CNT_EN           ; SMART             ; Untyped                                            ;
; LABWIDE_SCLR           ; ON                ; Untyped                                            ;
; USE_NEW_VERSION        ; TRUE              ; Untyped                                            ;
; CBXI_PARAMETER         ; NOTHING           ; Untyped                                            ;
+------------------------+-------------------+----------------------------------------------------+
Note: In order to hide this table in the UI and the text report file, please set the "Show Parameter Settings Tables in Synthesis Report" option in "Analysis and Synthesis Settings -> More Settings" to "Off".


+-------------------------------+
; Analysis & Synthesis Messages ;
+-------------------------------+
Info: *******************************************************************
Info: Running Quartus II Analysis & Synthesis
    Info: Version 9.0 Build 235 06/17/2009 Service Pack 2 SJ Web Edition
    Info: Processing started: Wed Jan 17 18:48:01 2018
Info: Command: quartus_map --read_settings_files=on --write_settings_files=off counter_mod_16 -c counter_mod_16
Info: Found 2 design units, including 1 entities, in source file transcoder.vhd
    Info: Found design unit 1: transcoder-Behavioral
    Info: Found entity 1: transcoder
Info: Found 2 design units, including 1 entities, in source file divider.vhd
    Info: Found design unit 1: divider-Behavioral
    Info: Found entity 1: divider
Info: Found 2 design units, including 1 entities, in source file counter.vhd
    Info: Found design unit 1: counter-Behavioral
    Info: Found entity 1: counter
Info: Found 2 design units, including 1 entities, in source file counter_mod_16.vhd
    Info: Found design unit 1: counter_mod_16-Behavioral
    Info: Found entity 1: counter_mod_16
Info: Elaborating entity "counter_mod_16" for the top level hierarchy
Info: Elaborating entity "divider" for hierarchy "divider:dzielnik"
Info: Elaborating entity "counter" for hierarchy "counter:licznik"
Info: Elaborating entity "transcoder" for hierarchy "transcoder:transkoder"
Info: Inferred 2 megafunctions from design logic
    Info: Inferred lpm_counter megafunction (LPM_WIDTH=32) from the following logic: "divider:dzielnik|counter[0]~32"
    Info: Inferred lpm_counter megafunction (LPM_WIDTH=4) from the following logic: "counter:licznik|actual_value[0]~12"
Info: Elaborated megafunction instantiation "divider:dzielnik|lpm_counter:counter_rtl_0"
Info: Instantiated megafunction "divider:dzielnik|lpm_counter:counter_rtl_0" with the following parameter:
    Info: Parameter "LPM_WIDTH" = "32"
    Info: Parameter "LPM_DIRECTION" = "UP"
    Info: Parameter "LPM_TYPE" = "LPM_COUNTER"
Info: Elaborated megafunction instantiation "divider:dzielnik|lpm_counter:counter_rtl_0|alt_counter_f10ke:wysi_counter", which is child of megafunction instantiation "divider:dzielnik|lpm_counter:counter_rtl_0"
Info: Elaborated megafunction instantiation "counter:licznik|lpm_counter:actual_value_rtl_1"
Info: Instantiated megafunction "counter:licznik|lpm_counter:actual_value_rtl_1" with the following parameter:
    Info: Parameter "LPM_WIDTH" = "4"
    Info: Parameter "LPM_DIRECTION" = "UNUSED"
    Info: Parameter "LPM_TYPE" = "LPM_COUNTER"
Info: Elaborated megafunction instantiation "counter:licznik|lpm_counter:actual_value_rtl_1|alt_counter_f10ke:wysi_counter", which is child of megafunction instantiation "counter:licznik|lpm_counter:actual_value_rtl_1"
Warning: Output pins are stuck at VCC or GND
    Warning (13410): Pin "b" is stuck at GND
    Warning (13410): Pin "c" is stuck at GND
    Warning (13410): Pin "g" is stuck at VCC
Info: Implemented 75 device resources after synthesis - the final resource count might be different
    Info: Implemented 2 input pins
    Info: Implemented 14 output pins
    Info: Implemented 59 logic cells
Info: Quartus II Analysis & Synthesis was successful. 0 errors, 4 warnings
    Info: Peak virtual memory: 300 megabytes
    Info: Processing ended: Wed Jan 17 18:48:02 2018
    Info: Elapsed time: 00:00:01
    Info: Total CPU time (on all processors): 00:00:01


