--------------------------------------------------------------------------------------
Timing Analyzer Summary
--------------------------------------------------------------------------------------

Type           : Worst-case tsu
Slack          : N/A
Required Time  : None
Actual Time    : 6.900 ns
From           : counter_direction
To             : counter:licznik|lpm_counter:actual_value_rtl_1|alt_counter_f10ke:wysi_counter|counter_cell[3]
From Clock     : --
To Clock       : clk
Failed Paths   : 0

Type           : Worst-case tco
Slack          : N/A
Required Time  : None
Actual Time    : 32.800 ns
From           : counter:licznik|lpm_counter:actual_value_rtl_1|alt_counter_f10ke:wysi_counter|counter_cell[1]
To             : a
From Clock     : clk
To Clock       : --
Failed Paths   : 0

Type           : Worst-case th
Slack          : N/A
Required Time  : None
Actual Time    : -0.600 ns
From           : counter_direction
To             : counter:licznik|lpm_counter:actual_value_rtl_1|alt_counter_f10ke:wysi_counter|counter_cell[3]
From Clock     : --
To Clock       : clk
Failed Paths   : 0

Type           : Clock Setup: 'clk'
Slack          : N/A
Required Time  : None
Actual Time    : 34.13 MHz ( period = 29.300 ns )
From           : divider:dzielnik|lpm_counter:counter_rtl_0|alt_counter_f10ke:wysi_counter|counter_cell[21]
To             : divider:dzielnik|clk_out
From Clock     : clk
To Clock       : clk
Failed Paths   : 0

Type           : Total number of failed paths
Slack          : 
Required Time  : 
Actual Time    : 
From           : 
To             : 
From Clock     : 
To Clock       : 
Failed Paths   : 0

--------------------------------------------------------------------------------------

